<html>
<body>
<pre>
<h1>µVision Build Log</h1>
<h2>Tool Versions:</h2>
IDE-Version: ¦ÌVision V5.18.0.0
Copyright (C) 2016 ARM Ltd and ARM Germany GmbH. All rights reserved.
License Information: Åæ ÄÂ, É½´óÍþº£, LIC=1WS63-AVU7J-157TV-PPKAF-LZ2PW-22W2X
 
Tool Versions:
Toolchain:       MDK-ARM Professional  Version: 5.18
Toolchain Path:  C:\Keil\ARM\ARM\ARMCC\Bin
C Compiler:      Armcc.exe V5.06 update 1 (build 61)
Assembler:       Armasm.exe V5.06 update 1 (build 61)
Linker/Locator:  ArmLink.exe V5.06 update 1 (build 61)
Library Manager: ArmAr.exe V5.06 update 1 (build 61)
Hex Converter:   FromElf.exe V5.06 update 1 (build 61)
CPU DLL:         SARMCM3.DLL V5.18
Dialog DLL:      DCM.DLL V1.13.6.0
Target DLL:      Segger\JL2CM3.dll V2.99.18.0
Dialog DLL:      TCM.DLL V1.14.8.0
 
<h2>Project:</h2>
E:\stm32\1602\1602.uvprojx
Project File Date:  07/29/2016

<h2>Output:</h2>
*** Using Compiler 'V5.06 update 1 (build 61)', folder: 'C:\Keil\ARM\ARM\ARMCC\Bin'
Rebuild target 'Target 1'
assembling startup_stm32f10x_cl.s...
compiling core_cm3.c...
compiling sys.c...
compiling stm32f10x_it.c...
compiling delay.c...
compiling system_stm32f10x.c...
compiling usart.c...
compiling main.c...
.\hardware\inc\ioRead.h(12): warning:  #1-D: last line of file ends without a newline
  #endif
user\main.c(51): warning:  #175-D: subscript out of range
  	for(*p2_resu=resu[0];p2_resu !=&resu[11];)   //½«?Ö·û´??Ò¶??ë±ä³??ó¶???
user\main.c: 2 warnings, 0 errors
compiling led.c...
compiling 1602.c...
compiling stm32f10x_gpio.c...
compiling stm32f10x_usart.c...
compiling misc.c...
compiling stm32f10x_rcc.c...
linking...
Program Size: Code=3372 RO-data=368 RW-data=84 ZI-data=1852  
FromELF: creating hex file...
".\Objects\1602.axf" - 0 Error(s), 2 Warning(s).

<h2>Collection of Component include folders:</h2>
  E:\stm32\1602\RTE
  C:\Keil\ARM\ARM\PACK\Keil\STM32F1xx_DFP\2.0.0\Device\Include

<h2>Collection of Component Files used:</h2>
Build Time Elapsed:  00:00:03
</pre>
</body>
</html>
